// BEGIN EXPECTED ABSTRACT TREE //

...

// END EXPECTED ABSTRACT TREE //

// BEGIN EXPECTED