// BEGIN LEXER //
OBRACE: [@0,136:136='{',<4>,10:0]
PRINTLN: [@1,146:152='println',<28>,11:8]
OPARENT: [@2,153:153='(',<6>,11:15]
STRING: [@3,154:160='"Hello"',<37>,11:16]
CPARENT: [@4,161:161=')',<7>,11:23]
SEMI: [@5,162:162=';',<8>,11:24]
CBRACE: [@6,164:164='}',<5>,12:0]
// END LEXER //